#########################
#\#.........#.........R*#
#\#.........#..........*#
#\#.........#\        .*#
#\#....*. .*#\.........*#
#\#.. ..*.*.#\.....*....#
#\ .. \.t*..#\..........#
#\ .. \.*...#\      ....#
#\ .. \*....#...........#
#\ .........#.........#.#
#\ .........#.........#.#
#\ ......*.. .........#.#
#\ .........#..\\\\* .#.#
#\#.........#.... \* .#.#
#\#.........#.....\. .#.#
#\#.........#.....\* .#.#
#\#######...#....... .#.#
#\#.\\\\#...#....... .#.#
#\#.\\\\#...#....... .#.#
#\#.\\\\#...########\.#.#
#\#.#####...#....... .#.#
#\#.**..#...#.....T. .###
#\#.....#...#....... .#.#
#\#.....#...#....... .#.#
#\#....... .#....... .#t#
#\#.*.*... .#....... .#.#
#\#.*.*    . ....... .#.#
#\ ....... .#..      .#.#
#\#....... .#.... .. .#\#
#\#...*... .#.... .. .#\#
#\#.*.**.. .#.... .. .#\#
#\ ...*... .#....*.. .#\#
#\#.....  ..#.... ....#\#
#\#.........#.... ....#\#
#\#.........#....\....#\#
#\#.........#....\....#T#
#\#.........#\*.......#.#
#\#.........#\*.......#.#
########L################