################L########
#.#.......*\#.........#\#
#.#.......*\#.........#\#
#T#....\....#.........#\#
#\#....\....#.........#\#
#\#.... ....#.........#\#
#\#.... ....#..  .....#\#
#\#. ..*....#. ...*... \#
#\#. .. ....#. ..**.*.#\#
#\#. .. ....#. ...*...#\#
#\#. .. ....#. .......#\#
#.#.      ..#. ....... \#
#.#. ....... .    *.*.#\#
#.#. .......#. ...*.*.#\#
#t#. .......#. .......#\#
#.#. .......#...#.....#\#
#.#. .......#...#.....#\#
###. .T.....#...#..**.#\#
#.#. .......#...#####.#\#
#.#.\########...#\\\\.#\#
#.#. .......#...#\\\\.#\#
#.#. .......#...#\\\\.#\#
#.#. .......#...#######\#
#.#. *\.....#.........#\#
#.#. .\.....#.........#\#
#.#. *\ ....#.........#\#
#.#. *\\\\..#......... \#
#.#......... ..*...... \#
#.#.........#......... \#
#.#.........#......... \#
#...........#....*\ .. \#
#....      \#...*.\ .. \#
#..........\#..*t.\ .. \#
#....*.....\#.*.*.. ..#\#
#*.........\#*. .*....#\#
#*.        \#.........#\#
#*..........#.........#\#
#*R.........#.........#\#
#########################