##################################################
# ...*. . . *##\..#.*.#*  .\.#.#...* .#* ...*..\.#
#. *#..*.##.*#\L....*.....##..*  *.# \.*...#L.\.##
#..#*#.#.#.\ .**#*.# \..##  #..#\**..L*. ..#..**.#
L...#.#*.... *#.* ...\. ..\. .\#.*#.*.... . #*.* #
#*..*\# #.\*  *.*. ...\\......\. #.##....*.#.*#. #
#........\#.....#*  *..##..  *.#* .#\...*... ....#
###.....**#\#....* \.*\ \L. . ## .* . ....## *##.#
#.#.... .*\* \##.... #...##*#. .. \.\.#.\.\.. \ ##
#  .#.#**# #**#..#..#\#.*\* .\....*.  \.*# *.\## #
#.*..#.. ....#.....##. .....*.\#\**L*.L.*.* .*##\#
#.* .#.*..**....*. \..*..*.#. .. *.  .#..*....*.\#
#..\\.#*\#L#* ....\*.#.*# #.....#.....#......\...#
#.  #**..#...\*. *\#..\#\......\.#\*.* ..#.*  *..#
#.... .#*... * #* .....*..#.... ...... .......  .#
#*.#.* ...*......# \LL#\*..\.....\ ...*#.\\.#\L..#
#.. .\.*.\. ..#.... ..*.....# ...#..*#.*#.*.. #\ #
##.# . #. #L.*.\ .*#.R\ .*..#\\.\.....  *......# #
#....#\... . **.\..#\..#.#..*#..\.. ..**#....#..\#
##\\..#.#\....... .\ . ##.#.#***.. ......*.*.#\*.#
##... .*** ..\.........*\\*.#.** .. ...L..   ## .#
#\*..*\.... ....#..#\...\..*#**\..# *..*  ..*.\*\#
#.....*  ....... \.#.#.L#...#.. .\.  .\\.**. #. \#
#... ....# ..\....* ...#...... . *\..###.*.L## .##
#. . \\.#..#..##\ \\.\#...\.\#....\# .\#.*..#.  .#
#.*. ..*.  *#. .  .*.*.## .\....\* \..#......* \.#
# ..*#..\..\\.. *.. ...##. .*.#L#...*.#...** ....#
#*\*....\.....#.*.\.*.. *.# ..* #*.*.* ## ...# *.#
#..#*##...#.. ##...#*..\....\##**#..\..#.###.. * #
#....* ..L. *#..** #*.  ..\.*\.#...... *........##
###....*###.. .\\..*.. .*.#\#.\\* #..  *...# #####
#..*.#**.*#.*.#\ .#.#..#... ..\.*.. . * **#.* ...#
##..*..**#...\#..*. *... ...#*..*\.\.*. *........#
#.... .# ... .#.* .....#..# *... #...#......   . #
##...\.*\.*\*. \#**#*. .....#... *..\*. *.*...\\.#
#...\*.*..#*.. ..#\ \* .*.*..L.. ..   **....#.  ##
#...*....\...*.#\ \. *....#. ..\* *#\\....#  ....#
#.#\ #.\# ......# ...\\* ... *..\... .....***.#. #
# ..#..\. .##.... \. ..*......*  *... ..#.\...  .#
#.. ....*...*.L #\* ..# #.* ...*#\#. . .*.. .*.. #
#  L.# \ #. ..\*## \\ ..\#.*\.#.. *#  .#......**.#
#.**#.....*.*\*.#..# .....\ *..*.#.* ... ..#\#...#
# ..*.\#*. **  .#........#\.. *. .\##.. .\ ..#####
#...L#..L*.... .  ..#.#.......#...\. ..\.*..##...#
#...* \* ..*..\*\#..#.#.....# .....#..#...** **..#
#.#\.\.#.\. .#*#.\. *...... **\... L..##.*...\.*##
####*** .. .*...... \...#.. *.*.#*.# . #*...*\.  #
##*...# *..# . ..# \. #*\..#\.#.\......**..\.**..#
#.*..*.. .##.\.# #. .... .. \..#   ..\..*##  *#..#
##################################################