###########################################L######
#*** ..  * #.\.. .**.*.#..*.*....\.#....\ .....# #
#...**...*#... #....*\...#..#.*. \.....\#*..*..#.#
#.#*.*.. ... ..*#*. ##. .##...\...#*..*... ##.#.##
#....#.\ \.\*...#*.. ....##.# .#....*.#  * ......#
## *.\..\*.##...# *. .\.\*......*.#**.\\........ #
# **..\ **.\.......**..*#..# *.*#..\. #\ ..* \..##
#.\*.# #.#.#*#..# ...*.#. .*.#*..*...L  ..#.. . .#
#.. .....*..*\ . ...#\ \*.*.......#.#*..*..*\ #\.#
#.\....##*#*... .. **..*.......\#\*# #*......\#.##
#..#..\ #  \*.*..\*.\...#.*\.*.\#..*. .#..#.#....#
#......*......*...\*  .#.#*.... ...... ..# .##..*#
##.\. *.....#....\...##**..#..#.*#..*##  . #.#L..#
#.#.\#..#..*. .#.*# *.......##*.*. \..#\ *.*\#...#
#**....## ...* #.*.##.. *. #.#.. .#* #\.\.*.** ..#
#..**..##...*#* \..*\##. *.#.#.*#.. . .\..#*...#.#
#.. .......*#.\L.\*.\* .*...#*.. *#.....#...##..*#
#.\.# ##....* .*.#* .\*... \#.\.\.#.##..*#...*#\*#
#..*.\#..*....\ #..*.#....* .## #....#.#\.## *...#
## .\ *.#.#.##\.*#.#..\#.  **.. .#.*..*. *##*. ..#
#.\. *.. ##..\\*## * #.#.. *#\.#L ...*\\#.\.#.. .#
#. .....*.* ..#.#\ . #\.*..\...*.*.* ...... \.#..#
#L.. *\*#L.*.*...*..#.# . .\.#.  ......##.**#.*..#
#*#  ..*......*.#*. .#...*..*##. ...\..*.*.. ##..#
##. ....#..*.*.\*. .# *...\..# ..*#*.   ...**\\ \#
# #..#.*.#LL.\# #. ..*#..#.#\..  ##..# .## \.#..*#
#*\.... .#*#.###....... ..... #\*\\.*\# ....*\.*.#
##*....*...#. . .*...*#.  .#.....*\ \.. ...#....*#
#.*\ #...*.# \*..#..##.\  \# .# ..**#* **..*#*. .#
##\#...*#. ..###.#****#..\**..#R. *...#.. .#.#.L\#
#L.*.....*#*.**\.#.*#  #*..\. #.*#. .\#\.* .. L \#
# #.\.#*..#. *. #.#\.*... ##.. #.\**......\  ..\.#
#* #..*...  ..###L..*..#.#.*......*.....*#  **\..#
#.\.....*\\. ..*. *. \....## *.. #.*. *....*.#.*.#
##.** ......\.\.*##. .#..\##.... ..*\. .#  ....# #
#...*..# ..#*\..#*.# ....*. ...  **. #*#\*.#... ##
#.# ..**L...*#*..*.*. \..*\*. *##\#.#.... *\#.. .#
#....# . #*. ...*..#\#.*  **....\...\.#.\.. #...##
#*.#.#... *##\ #\\#**.\ .** **.#\.*. *.#.*...**\##
#.  **..**#...*\...... # \..*..# . . ....*.#.#...#
#.*#....*.**..L. ..##. *.*...\...\#L.#.....#\....#
#.#...\......\.. \...#\ #.#.....\.*\.#...*.#..# .#
#....#*.. .*...\\##.\\.\..*. L##.#...#.*.. ...#.##
#...*#  .#\ **.. ......**.#..#.#.*. . #..\*...####
#...\\... #. #. #\   #.*. .\ *#* ...... \* . #  .#
#\* ...*....*.#*.\ .*.. .L\#  . .#.#  #.##*#\#. .#
#L #. .#....\*....*.#...**. .\.\##.#...#*\..  .*.#
#.. .. *....\.. ...##.#....... * *.. ...#.#*L..\.#
# . ..#.*.\.*...\*..... *... *#\ #...##\..\.#*.L.#
##################################################